<?xml version="1.0"?>
<link_info>
   <banner>TI ARM Linker PC v5.2.5</banner>
   <copyright>Copyright (c) 1996-2015 Texas Instruments Incorporated</copyright>
   <link_time>0x565ae0e6</link_time>
   <link_errors>0x0</link_errors>
   <output_file>usb_dev_bulk.out</output_file>
   <entry_point>
      <name>_c_int00</name>
      <address>0x2521</address>
   </entry_point>
   <input_file_list>
      <input_file id="fl-2">
         <path>.\</path>
         <kind>object</kind>
         <file>startup_ccs.obj</file>
         <name>startup_ccs.obj</name>
      </input_file>
      <input_file id="fl-3">
         <path>.\</path>
         <kind>object</kind>
         <file>usb_bulk_structs.obj</file>
         <name>usb_bulk_structs.obj</name>
      </input_file>
      <input_file id="fl-4">
         <path>.\</path>
         <kind>object</kind>
         <file>usb_dev_bulk.obj</file>
         <name>usb_dev_bulk.obj</name>
      </input_file>
      <input_file id="fl-5">
         <path>.\utils\</path>
         <kind>object</kind>
         <file>uartstdio.obj</file>
         <name>uartstdio.obj</name>
      </input_file>
      <input_file id="fl-6">
         <path>.\utils\</path>
         <kind>object</kind>
         <file>ustdlib.obj</file>
         <name>ustdlib.obj</name>
      </input_file>
      <input_file id="fl-12e">
         <path>C:\ti\ccsv6\tools\compiler\ti-cgt-arm_5.2.5\lib\</path>
         <kind>archive</kind>
         <file>rtsv7M4_T_le_v4SPD16_eabi.lib</file>
         <name>boot.obj</name>
      </input_file>
      <input_file id="fl-12f">
         <path>C:\ti\ccsv6\tools\compiler\ti-cgt-arm_5.2.5\lib\</path>
         <kind>archive</kind>
         <file>rtsv7M4_T_le_v4SPD16_eabi.lib</file>
         <name>copy_decompress_none.obj</name>
      </input_file>
      <input_file id="fl-130">
         <path>C:\ti\ccsv6\tools\compiler\ti-cgt-arm_5.2.5\lib\</path>
         <kind>archive</kind>
         <file>rtsv7M4_T_le_v4SPD16_eabi.lib</file>
         <name>copy_decompress_rle.obj</name>
      </input_file>
      <input_file id="fl-131">
         <path>C:\ti\ccsv6\tools\compiler\ti-cgt-arm_5.2.5\lib\</path>
         <kind>archive</kind>
         <file>rtsv7M4_T_le_v4SPD16_eabi.lib</file>
         <name>copy_zero_init.obj</name>
      </input_file>
      <input_file id="fl-132">
         <path>C:\ti\ccsv6\tools\compiler\ti-cgt-arm_5.2.5\lib\</path>
         <kind>archive</kind>
         <file>rtsv7M4_T_le_v4SPD16_eabi.lib</file>
         <name>exit.obj</name>
      </input_file>
      <input_file id="fl-133">
         <path>C:\ti\ccsv6\tools\compiler\ti-cgt-arm_5.2.5\lib\</path>
         <kind>archive</kind>
         <file>rtsv7M4_T_le_v4SPD16_eabi.lib</file>
         <name>memcpy_t2.obj</name>
      </input_file>
      <input_file id="fl-134">
         <path>C:\ti\ccsv6\tools\compiler\ti-cgt-arm_5.2.5\lib\</path>
         <kind>archive</kind>
         <file>rtsv7M4_T_le_v4SPD16_eabi.lib</file>
         <name>memset_t2.obj</name>
      </input_file>
      <input_file id="fl-135">
         <path>C:\ti\ccsv6\tools\compiler\ti-cgt-arm_5.2.5\lib\</path>
         <kind>archive</kind>
         <file>rtsv7M4_T_le_v4SPD16_eabi.lib</file>
         <name>pre_init.obj</name>
      </input_file>
      <input_file id="fl-136">
         <path>C:\ti\ccsv6\tools\compiler\ti-cgt-arm_5.2.5\lib\</path>
         <kind>archive</kind>
         <file>rtsv7M4_T_le_v4SPD16_eabi.lib</file>
         <name>stkdepth_vars.obj</name>
      </input_file>
      <input_file id="fl-137">
         <path>C:\ti\ccsv6\tools\compiler\ti-cgt-arm_5.2.5\lib\</path>
         <kind>archive</kind>
         <file>rtsv7M4_T_le_v4SPD16_eabi.lib</file>
         <name>u_divt2.obj</name>
      </input_file>
      <input_file id="fl-138">
         <path>C:\ti\ccsv6\tools\compiler\ti-cgt-arm_5.2.5\lib\</path>
         <kind>archive</kind>
         <file>rtsv7M4_T_le_v4SPD16_eabi.lib</file>
         <name>_lock.obj</name>
      </input_file>
      <input_file id="fl-139">
         <path>C:\ti\ccsv6\tools\compiler\ti-cgt-arm_5.2.5\lib\</path>
         <kind>archive</kind>
         <file>rtsv7M4_T_le_v4SPD16_eabi.lib</file>
         <name>args_main.obj</name>
      </input_file>
      <input_file id="fl-13a">
         <path>C:\ti\ccsv6\tools\compiler\ti-cgt-arm_5.2.5\lib\</path>
         <kind>archive</kind>
         <file>rtsv7M4_T_le_v4SPD16_eabi.lib</file>
         <name>autoinit.obj</name>
      </input_file>
      <input_file id="fl-13b">
         <path>C:\ti\ccsv6\tools\compiler\ti-cgt-arm_5.2.5\lib\</path>
         <kind>archive</kind>
         <file>rtsv7M4_T_le_v4SPD16_eabi.lib</file>
         <name>cpy_tbl.obj</name>
      </input_file>
      <input_file id="fl-13c">
         <path>C:\ti\ccsv6\tools\compiler\ti-cgt-arm_5.2.5\lib\</path>
         <kind>archive</kind>
         <file>rtsv7M4_T_le_v4SPD16_eabi.lib</file>
         <name>i_div0.obj</name>
      </input_file>
      <input_file id="fl-13d">
         <path>C:\ti\TivaWare_C_Series-2.1.1.71\examples\boards\ek-tm4c123gxl\usb_dev_bulk\ccs\..\..\..\..\..\driverlib\ccs\Debug\</path>
         <kind>archive</kind>
         <file>driverlib.lib</file>
         <name>gpio.obj</name>
      </input_file>
      <input_file id="fl-13e">
         <path>C:\ti\TivaWare_C_Series-2.1.1.71\examples\boards\ek-tm4c123gxl\usb_dev_bulk\ccs\..\..\..\..\..\driverlib\ccs\Debug\</path>
         <kind>archive</kind>
         <file>driverlib.lib</file>
         <name>interrupt.obj</name>
      </input_file>
      <input_file id="fl-13f">
         <path>C:\ti\TivaWare_C_Series-2.1.1.71\examples\boards\ek-tm4c123gxl\usb_dev_bulk\ccs\..\..\..\..\..\driverlib\ccs\Debug\</path>
         <kind>archive</kind>
         <file>driverlib.lib</file>
         <name>uart.obj</name>
      </input_file>
      <input_file id="fl-140">
         <path>C:\ti\TivaWare_C_Series-2.1.1.71\examples\boards\ek-tm4c123gxl\usb_dev_bulk\ccs\..\..\..\..\..\driverlib\ccs\Debug\</path>
         <kind>archive</kind>
         <file>driverlib.lib</file>
         <name>cpu.obj</name>
      </input_file>
      <input_file id="fl-141">
         <path>C:\ti\TivaWare_C_Series-2.1.1.71\examples\boards\ek-tm4c123gxl\usb_dev_bulk\ccs\..\..\..\..\..\usblib\ccs\Debug\</path>
         <kind>archive</kind>
         <file>usblib.lib</file>
         <name>usbbuffer.obj</name>
      </input_file>
      <input_file id="fl-142">
         <path>C:\ti\TivaWare_C_Series-2.1.1.71\examples\boards\ek-tm4c123gxl\usb_dev_bulk\ccs\..\..\..\..\..\usblib\ccs\Debug\</path>
         <kind>archive</kind>
         <file>usblib.lib</file>
         <name>usbmode.obj</name>
      </input_file>
      <input_file id="fl-143">
         <path>C:\ti\TivaWare_C_Series-2.1.1.71\examples\boards\ek-tm4c123gxl\usb_dev_bulk\ccs\..\..\..\..\..\usblib\ccs\Debug\</path>
         <kind>archive</kind>
         <file>usblib.lib</file>
         <name>usbringbuf.obj</name>
      </input_file>
      <input_file id="fl-144">
         <path>C:\ti\TivaWare_C_Series-2.1.1.71\examples\boards\ek-tm4c123gxl\usb_dev_bulk\ccs\..\..\..\..\..\usblib\ccs\Debug\</path>
         <kind>archive</kind>
         <file>usblib.lib</file>
         <name>usbtick.obj</name>
      </input_file>
      <input_file id="fl-145">
         <path>C:\ti\TivaWare_C_Series-2.1.1.71\examples\boards\ek-tm4c123gxl\usb_dev_bulk\ccs\..\..\..\..\..\usblib\ccs\Debug\</path>
         <kind>archive</kind>
         <file>usblib.lib</file>
         <name>usbhostenum.obj</name>
      </input_file>
      <input_file id="fl-146">
         <path>C:\ti\TivaWare_C_Series-2.1.1.71\examples\boards\ek-tm4c123gxl\usb_dev_bulk\ccs\..\..\..\..\..\usblib\ccs\Debug\</path>
         <kind>archive</kind>
         <file>usblib.lib</file>
         <name>usbdbulk.obj</name>
      </input_file>
      <input_file id="fl-147">
         <path>C:\ti\TivaWare_C_Series-2.1.1.71\examples\boards\ek-tm4c123gxl\usb_dev_bulk\ccs\..\..\..\..\..\usblib\ccs\Debug\</path>
         <kind>archive</kind>
         <file>usblib.lib</file>
         <name>usbdenum.obj</name>
      </input_file>
      <input_file id="fl-148">
         <path>C:\ti\TivaWare_C_Series-2.1.1.71\examples\boards\ek-tm4c123gxl\usb_dev_bulk\ccs\..\..\..\..\..\usblib\ccs\Debug\</path>
         <kind>archive</kind>
         <file>usblib.lib</file>
         <name>usbdhandler.obj</name>
      </input_file>
      <input_file id="fl-149">
         <path>C:\ti\TivaWare_C_Series-2.1.1.71\examples\boards\ek-tm4c123gxl\usb_dev_bulk\ccs\..\..\..\..\..\usblib\ccs\Debug\</path>
         <kind>archive</kind>
         <file>usblib.lib</file>
         <name>usbdesc.obj</name>
      </input_file>
      <input_file id="fl-14a">
         <path>C:\ti\TivaWare_C_Series-2.1.1.71\examples\boards\ek-tm4c123gxl\usb_dev_bulk\ccs\..\..\..\..\..\usblib\ccs\Debug\</path>
         <kind>archive</kind>
         <file>usblib.lib</file>
         <name>usbdma.obj</name>
      </input_file>
      <input_file id="fl-14b">
         <path>C:\ti\TivaWare_C_Series-2.1.1.71\examples\boards\ek-tm4c123gxl\usb_dev_bulk\ccs\..\..\..\..\..\usblib\ccs\Debug\</path>
         <kind>archive</kind>
         <file>usblib.lib</file>
         <name>usbulpi.obj</name>
      </input_file>
      <input_file id="fl-14c">
         <path>C:\ti\TivaWare_C_Series-2.1.1.71\examples\boards\ek-tm4c123gxl\usb_dev_bulk\ccs\..\..\..\..\..\usblib\ccs\Debug\</path>
         <kind>archive</kind>
         <file>usblib.lib</file>
         <name>usbhhub.obj</name>
      </input_file>
      <input_file id="fl-14d">
         <path>C:\ti\TivaWare_C_Series-2.1.1.71\examples\boards\ek-tm4c123gxl\usb_dev_bulk\ccs\..\..\..\..\..\usblib\ccs\Debug\</path>
         <kind>archive</kind>
         <file>usblib.lib</file>
         <name>usbdcdesc.obj</name>
      </input_file>
      <input_file id="fl-14e">
         <path>C:\ti\TivaWare_C_Series-2.1.1.71\examples\boards\ek-tm4c123gxl\usb_dev_bulk\ccs\..\..\..\..\..\usblib\ccs\Debug\</path>
         <kind>archive</kind>
         <file>usblib.lib</file>
         <name>usbdconfig.obj</name>
      </input_file>
      <input_file id="fl-14f">
         <path>C:\ti\TivaWare_C_Series-2.1.1.71\examples\boards\ek-tm4c123gxl\usb_dev_bulk\ccs\..\..\..\..\..\driverlib\ccs\Debug\</path>
         <kind>archive</kind>
         <file>driverlib.lib</file>
         <name>sysctl.obj</name>
      </input_file>
      <input_file id="fl-150">
         <path>C:\ti\TivaWare_C_Series-2.1.1.71\examples\boards\ek-tm4c123gxl\usb_dev_bulk\ccs\..\..\..\..\..\driverlib\ccs\Debug\</path>
         <kind>archive</kind>
         <file>driverlib.lib</file>
         <name>udma.obj</name>
      </input_file>
      <input_file id="fl-151">
         <path>C:\ti\TivaWare_C_Series-2.1.1.71\examples\boards\ek-tm4c123gxl\usb_dev_bulk\ccs\..\..\..\..\..\driverlib\ccs\Debug\</path>
         <kind>archive</kind>
         <file>driverlib.lib</file>
         <name>usb.obj</name>
      </input_file>
   </input_file_list>
   <object_component_list>
      <object_component id="oc-f">
         <name>.intvecs</name>
         <load_address>0x0</load_address>
         <run_address>0x0</run_address>
         <size>0x26c</size>
         <input_file_ref idref="fl-2"/>
      </object_component>
      <object_component id="oc-fc">
         <name>.text:main</name>
         <load_address>0x26c</load_address>
         <run_address>0x26c</run_address>
         <size>0x1f4</size>
         <input_file_ref idref="fl-4"/>
      </object_component>
      <object_component id="oc-233">
         <name>.text:UARTvprintf</name>
         <load_address>0x460</load_address>
         <run_address>0x460</run_address>
         <size>0x1ea</size>
         <input_file_ref idref="fl-5"/>
      </object_component>
      <object_component id="oc-36">
         <name>.text:FaultISR</name>
         <load_address>0x64a</load_address>
         <run_address>0x64a</run_address>
         <size>0x2</size>
         <input_file_ref idref="fl-2"/>
      </object_component>
      <object_component id="oc-35f">
         <name>.text:USBLibDMAInit</name>
         <load_address>0x64c</load_address>
         <run_address>0x64c</run_address>
         <size>0x170</size>
         <input_file_ref idref="fl-14a"/>
      </object_component>
      <object_component id="oc-48">
         <name>.text:UARTStdioIntHandler</name>
         <load_address>0x7bc</load_address>
         <run_address>0x7bc</run_address>
         <size>0x160</size>
         <input_file_ref idref="fl-5"/>
      </object_component>
      <object_component id="oc-1ff">
         <name>.text:USBDEP0StateTxConfig</name>
         <load_address>0x91c</load_address>
         <run_address>0x91c</run_address>
         <size>0x150</size>
         <input_file_ref idref="fl-147"/>
      </object_component>
      <object_component id="oc-d2">
         <name>.text:USBDeviceIntHandlerInternal</name>
         <load_address>0xa6c</load_address>
         <run_address>0xa6c</run_address>
         <size>0x150</size>
         <input_file_ref idref="fl-147"/>
      </object_component>
      <object_component id="oc-254">
         <name>.text:USBDCDInit</name>
         <load_address>0xbbc</load_address>
         <run_address>0xbbc</run_address>
         <size>0x148</size>
         <input_file_ref idref="fl-147"/>
      </object_component>
      <object_component id="oc-590">
         <name>.text:USBDeviceConfig</name>
         <load_address>0xd04</load_address>
         <run_address>0xd04</run_address>
         <size>0x140</size>
         <input_file_ref idref="fl-14e"/>
      </object_component>
      <object_component id="oc-500">
         <name>.text:iDMAUSBTransfer</name>
         <load_address>0xe44</load_address>
         <run_address>0xe44</run_address>
         <size>0xea</size>
         <input_file_ref idref="fl-14a"/>
      </object_component>
      <object_component id="oc-3c">
         <name>.text:IntDefaultHandler</name>
         <load_address>0xf2e</load_address>
         <run_address>0xf2e</run_address>
         <size>0x2</size>
         <input_file_ref idref="fl-2"/>
      </object_component>
      <object_component id="oc-3f4">
         <name>.text:USBDGetDescriptor</name>
         <load_address>0xf30</load_address>
         <run_address>0xf30</run_address>
         <size>0xe4</size>
         <input_file_ref idref="fl-147"/>
      </object_component>
      <object_component id="oc-149">
         <name>.text:USBDeviceEnumHandler</name>
         <load_address>0x1014</load_address>
         <run_address>0x1014</run_address>
         <size>0xd8</size>
         <input_file_ref idref="fl-147"/>
      </object_component>
      <object_component id="oc-48e">
         <name>.text:uDMAUSBChannelAllocate</name>
         <load_address>0x10ec</load_address>
         <run_address>0x10ec</run_address>
         <size>0xc0</size>
         <input_file_ref idref="fl-14a"/>
      </object_component>
      <object_component id="oc-3b9">
         <name>.text:HandleRxAvailable</name>
         <load_address>0x11ac</load_address>
         <run_address>0x11ac</run_address>
         <size>0xbc</size>
         <input_file_ref idref="fl-141"/>
      </object_component>
      <object_component id="oc-4d0">
         <name>.text:uDMAUSBTransfer</name>
         <load_address>0x1268</load_address>
         <run_address>0x1268</run_address>
         <size>0xba</size>
         <input_file_ref idref="fl-14a"/>
      </object_component>
      <object_component id="oc-30">
         <name>.text:NmiSR</name>
         <load_address>0x1322</load_address>
         <run_address>0x1322</run_address>
         <size>0x2</size>
         <input_file_ref idref="fl-2"/>
      </object_component>
      <object_component id="oc-22c">
         <name>.text:UARTStdioConfig</name>
         <load_address>0x1324</load_address>
         <run_address>0x1324</run_address>
         <size>0xb0</size>
         <input_file_ref idref="fl-5"/>
      </object_component>
      <object_component id="oc-ac">
         <name>.text:UARTwrite</name>
         <load_address>0x13d4</load_address>
         <run_address>0x13d4</run_address>
         <size>0xa8</size>
         <input_file_ref idref="fl-5"/>
      </object_component>
      <object_component id="oc-57">
         <name>.text</name>
         <load_address>0x147c</load_address>
         <run_address>0x147c</run_address>
         <size>0x9c</size>
         <input_file_ref idref="fl-133"/>
      </object_component>
      <object_component id="oc-412">
         <name>.text:USBDSetInterface</name>
         <load_address>0x1518</load_address>
         <run_address>0x1518</run_address>
         <size>0x98</size>
         <input_file_ref idref="fl-147"/>
      </object_component>
      <object_component id="oc-551">
         <name>.text:ScheduleNextTransmission</name>
         <load_address>0x15b0</load_address>
         <run_address>0x15b0</run_address>
         <size>0x94</size>
         <input_file_ref idref="fl-141"/>
      </object_component>
      <object_component id="oc-38a">
         <name>.text:EchoNewDataToHost</name>
         <load_address>0x1644</load_address>
         <run_address>0x1644</run_address>
         <size>0x90</size>
         <input_file_ref idref="fl-4"/>
      </object_component>
      <object_component id="oc-a0">
         <name>.text:UARTPrimeTransmit</name>
         <load_address>0x16d4</load_address>
         <run_address>0x16d4</run_address>
         <size>0x8c</size>
         <input_file_ref idref="fl-5"/>
      </object_component>
      <object_component id="oc-406">
         <name>.text:USBDSetConfiguration</name>
         <load_address>0x1760</load_address>
         <run_address>0x1760</run_address>
         <size>0x8c</size>
         <input_file_ref idref="fl-147"/>
      </object_component>
      <object_component id="oc-5a4">
         <name>.text:USBDeviceConfigAlternate</name>
         <load_address>0x17ec</load_address>
         <run_address>0x17ec</run_address>
         <size>0x8c</size>
         <input_file_ref idref="fl-14e"/>
      </object_component>
      <object_component id="oc-4e2">
         <name>.text:iDMAUSBChannelAllocate</name>
         <load_address>0x1878</load_address>
         <run_address>0x1878</run_address>
         <size>0x84</size>
         <input_file_ref idref="fl-14a"/>
      </object_component>
      <object_component id="oc-61f">
         <name>.text:uDMAChannelTransferSet</name>
         <load_address>0x18fc</load_address>
         <run_address>0x18fc</run_address>
         <size>0x84</size>
         <input_file_ref idref="fl-150"/>
      </object_component>
      <object_component id="oc-278">
         <name>.text:RxHandler</name>
         <load_address>0x1980</load_address>
         <run_address>0x1980</run_address>
         <size>0x80</size>
         <input_file_ref idref="fl-4"/>
      </object_component>
      <object_component id="oc-3e2">
         <name>.text:USBDClearFeature</name>
         <load_address>0x1a00</load_address>
         <run_address>0x1a00</run_address>
         <size>0x7c</size>
         <input_file_ref idref="fl-147"/>
      </object_component>
      <object_component id="oc-6b7">
         <name>.text:USBDevEndpointConfigSet</name>
         <load_address>0x1a7c</load_address>
         <run_address>0x1a7c</run_address>
         <size>0x7a</size>
         <input_file_ref idref="fl-151"/>
      </object_component>
      <object_component id="oc-70">
         <name>.text</name>
         <load_address>0x1af6</load_address>
         <run_address>0x1af6</run_address>
         <size>0x7a</size>
         <input_file_ref idref="fl-134"/>
      </object_component>
      <object_component id="oc-3dc">
         <name>.text:USBDGetStatus</name>
         <load_address>0x1b70</load_address>
         <run_address>0x1b70</run_address>
         <size>0x74</size>
         <input_file_ref idref="fl-147"/>
      </object_component>
      <object_component id="oc-27e">
         <name>.text:USBDBulkPacketRead</name>
         <load_address>0x1be4</load_address>
         <run_address>0x1be4</run_address>
         <size>0x72</size>
         <input_file_ref idref="fl-146"/>
      </object_component>
      <object_component id="oc-488">
         <name>.text:uDMAUSBArbSizeSet</name>
         <load_address>0x1c56</load_address>
         <run_address>0x1c56</run_address>
         <size>0x72</size>
         <input_file_ref idref="fl-14a"/>
      </object_component>
      <object_component id="oc-24e">
         <name>.text:USBDBulkCompositeInit</name>
         <load_address>0x1cc8</load_address>
         <run_address>0x1cc8</run_address>
         <size>0x70</size>
         <input_file_ref idref="fl-146"/>
      </object_component>
      <object_component id="oc-205">
         <name>.text:USBDEP0StateTx</name>
         <load_address>0x1d38</load_address>
         <run_address>0x1d38</run_address>
         <size>0x70</size>
         <input_file_ref idref="fl-147"/>
      </object_component>
      <object_component id="oc-4d6">
         <name>.text:uDMAUSBUnitSizeSet</name>
         <load_address>0x1da8</load_address>
         <run_address>0x1da8</run_address>
         <size>0x70</size>
         <input_file_ref idref="fl-14a"/>
      </object_component>
      <object_component id="oc-82">
         <name>.text</name>
         <load_address>0x1e18</load_address>
         <run_address>0x1e18</run_address>
         <size>0x6c</size>
         <input_file_ref idref="fl-13a"/>
      </object_component>
      <object_component id="oc-63">
         <name>.text</name>
         <load_address>0x1e84</load_address>
         <run_address>0x1e84</run_address>
         <size>0x6a</size>
         <input_file_ref idref="fl-130"/>
      </object_component>
      <object_component id="oc-4dc">
         <name>.text:iDMAUSBArbSizeSet</name>
         <load_address>0x1eee</load_address>
         <run_address>0x1eee</run_address>
         <size>0x2</size>
         <input_file_ref idref="fl-14a"/>
      </object_component>
      <object_component id="oc-5f8">
         <name>.text:IntDisable</name>
         <load_address>0x1ef0</load_address>
         <run_address>0x1ef0</run_address>
         <size>0x68</size>
         <input_file_ref idref="fl-13e"/>
      </object_component>
      <object_component id="oc-377">
         <name>.text:IntEnable</name>
         <load_address>0x1f58</load_address>
         <run_address>0x1f58</run_address>
         <size>0x68</size>
         <input_file_ref idref="fl-13e"/>
      </object_component>
      <object_component id="oc-3e8">
         <name>.text:USBDSetFeature</name>
         <load_address>0x1fc0</load_address>
         <run_address>0x1fc0</run_address>
         <size>0x68</size>
         <input_file_ref idref="fl-147"/>
      </object_component>
      <object_component id="oc-170">
         <name>.text:ConfigureUART</name>
         <load_address>0x2028</load_address>
         <run_address>0x2028</run_address>
         <size>0x64</size>
         <input_file_ref idref="fl-4"/>
      </object_component>
      <object_component id="oc-5f2">
         <name>.text:IntIsEnabled</name>
         <load_address>0x208c</load_address>
         <run_address>0x208c</run_address>
         <size>0x64</size>
         <input_file_ref idref="fl-13e"/>
      </object_component>
      <object_component id="oc-49a">
         <name>.text:uDMAUSBChannelEnable</name>
         <load_address>0x20f0</load_address>
         <run_address>0x20f0</run_address>
         <size>0x64</size>
         <input_file_ref idref="fl-14a"/>
      </object_component>
      <object_component id="oc-457">
         <name>.text:HandleDevice</name>
         <load_address>0x2154</load_address>
         <run_address>0x2154</run_address>
         <size>0x60</size>
         <input_file_ref idref="fl-146"/>
      </object_component>
      <object_component id="oc-5b3">
         <name>.text:ProcessDataFromHost</name>
         <load_address>0x21b4</load_address>
         <run_address>0x21b4</run_address>
         <size>0x60</size>
         <input_file_ref idref="fl-146"/>
      </object_component>
      <object_component id="oc-28f">
         <name>.text:USBBufferEventCallback</name>
         <load_address>0x2214</load_address>
         <run_address>0x2214</run_address>
         <size>0x60</size>
         <input_file_ref idref="fl-141"/>
      </object_component>
      <object_component id="oc-1f9">
         <name>.text:USBDReadAndDispatchRequest</name>
         <load_address>0x2274</load_address>
         <run_address>0x2274</run_address>
         <size>0x60</size>
         <input_file_ref idref="fl-147"/>
      </object_component>
      <object_component id="oc-1e1">
         <name>.text:USBDevEndpointStatusClear</name>
         <load_address>0x22d4</load_address>
         <run_address>0x22d4</run_address>
         <size>0x5e</size>
         <input_file_ref idref="fl-151"/>
      </object_component>
      <object_component id="oc-4ac">
         <name>.text:uDMAUSBChannelRelease</name>
         <load_address>0x2332</load_address>
         <run_address>0x2332</run_address>
         <size>0x56</size>
         <input_file_ref idref="fl-14a"/>
      </object_component>
      <object_component id="oc-267">
         <name>.text:USBDBulkPacketWrite</name>
         <load_address>0x2388</load_address>
         <run_address>0x2388</run_address>
         <size>0x54</size>
         <input_file_ref idref="fl-146"/>
      </object_component>
      <object_component id="oc-335">
         <name>.text:ULPIConfigSet</name>
         <load_address>0x23dc</load_address>
         <run_address>0x23dc</run_address>
         <size>0x52</size>
         <input_file_ref idref="fl-14b"/>
      </object_component>
      <object_component id="oc-518">
         <name>.text:iDMAUSBUnitSizeSet</name>
         <load_address>0x242e</load_address>
         <run_address>0x242e</run_address>
         <size>0x2</size>
         <input_file_ref idref="fl-14a"/>
      </object_component>
      <object_component id="oc-317">
         <name>.text:SysCtlPeripheralReset</name>
         <load_address>0x2430</load_address>
         <run_address>0x2430</run_address>
         <size>0x50</size>
         <input_file_ref idref="fl-14f"/>
      </object_component>
      <object_component id="oc-6a5">
         <name>.text:USBDCDConfigDescGet</name>
         <load_address>0x2480</load_address>
         <run_address>0x2480</run_address>
         <size>0x50</size>
         <input_file_ref idref="fl-14d"/>
      </object_component>
      <object_component id="oc-12b">
         <name>.text:USBDeviceResumeTickHandler</name>
         <load_address>0x24d0</load_address>
         <run_address>0x24d0</run_address>
         <size>0x50</size>
         <input_file_ref idref="fl-147"/>
      </object_component>
      <object_component id="oc-24">
         <name>.text</name>
         <load_address>0x2520</load_address>
         <run_address>0x2520</run_address>
         <size>0x50</size>
         <input_file_ref idref="fl-12e"/>
      </object_component>
      <object_component id="oc-57e">
         <name>.text:USBDevEndpointStallClear</name>
         <load_address>0x2570</load_address>
         <run_address>0x2570</run_address>
         <size>0x4e</size>
         <input_file_ref idref="fl-151"/>
      </object_component>
      <object_component id="oc-6d2">
         <name>.text:ConfigAlternateInterfaceGet</name>
         <load_address>0x25be</load_address>
         <run_address>0x25be</run_address>
         <size>0x4c</size>
         <input_file_ref idref="fl-14d"/>
      </object_component>
      <object_component id="oc-6b1">
         <name>.text:GetEPDescriptorType</name>
         <load_address>0x260a</load_address>
         <run_address>0x260a</run_address>
         <size>0x4c</size>
         <input_file_ref idref="fl-14e"/>
      </object_component>
      <object_component id="oc-62b">
         <name>.text:USBEndpointDMAConfigSet</name>
         <load_address>0x2656</load_address>
         <run_address>0x2656</run_address>
         <size>0x4c</size>
         <input_file_ref idref="fl-151"/>
      </object_component>
      <object_component id="oc-428">
         <name>.text</name>
         <load_address>0x26a2</load_address>
         <run_address>0x26a2</run_address>
         <size>0x2</size>
         <input_file_ref idref="fl-13c"/>
      </object_component>
      <object_component id="oc-f4">
         <name>.text</name>
         <load_address>0x26a4</load_address>
         <run_address>0x26a4</run_address>
         <size>0x4c</size>
         <input_file_ref idref="fl-13b"/>
      </object_component>
      <object_component id="oc-50c">
         <name>.text:iDMAUSBChannelEnable</name>
         <load_address>0x26f0</load_address>
         <run_address>0x26f0</run_address>
         <size>0x4a</size>
         <input_file_ref idref="fl-14a"/>
      </object_component>
      <object_component id="oc-494">
         <name>.text:uDMAUSBChannelDisable</name>
         <load_address>0x273a</load_address>
         <run_address>0x273a</run_address>
         <size>0x4a</size>
         <input_file_ref idref="fl-14a"/>
      </object_component>
      <object_component id="oc-587">
         <name>.text:USBDStringIndexFromRequest</name>
         <load_address>0x2784</load_address>
         <run_address>0x2784</run_address>
         <size>0x48</size>
         <input_file_ref idref="fl-147"/>
      </object_component>
      <object_component id="oc-125">
         <name>.text:USBDeviceEnumResetHandler</name>
         <load_address>0x27cc</load_address>
         <run_address>0x27cc</run_address>
         <size>0x48</size>
         <input_file_ref idref="fl-147"/>
      </object_component>
      <object_component id="oc-5de">
         <name>.text:uDMAChannelAttributeDisable</name>
         <load_address>0x2814</load_address>
         <run_address>0x2814</run_address>
         <size>0x48</size>
         <input_file_ref idref="fl-150"/>
      </object_component>
      <object_component id="oc-188">
         <name>.text:USBDBulkInit</name>
         <load_address>0x285c</load_address>
         <run_address>0x285c</run_address>
         <size>0x44</size>
         <input_file_ref idref="fl-146"/>
      </object_component>
      <object_component id="oc-2f8">
         <name>.text:USBDCDDeviceInfoInit</name>
         <load_address>0x28a0</load_address>
         <run_address>0x28a0</run_address>
         <size>0x44</size>
         <input_file_ref idref="fl-147"/>
      </object_component>
      <object_component id="oc-40c">
         <name>.text:USBDGetInterface</name>
         <load_address>0x28e4</load_address>
         <run_address>0x28e4</run_address>
         <size>0x44</size>
         <input_file_ref idref="fl-147"/>
      </object_component>
      <object_component id="oc-1ed">
         <name>.text:USBEndpointDataGet</name>
         <load_address>0x2928</load_address>
         <run_address>0x2928</run_address>
         <size>0x44</size>
         <input_file_ref idref="fl-151"/>
      </object_component>
      <object_component id="oc-8e">
         <name>.text</name>
         <load_address>0x296c</load_address>
         <run_address>0x296c</run_address>
         <size>0x44</size>
         <input_file_ref idref="fl-132"/>
      </object_component>
      <object_component id="oc-2e0">
         <name>.text</name>
         <load_address>0x29b0</load_address>
         <run_address>0x29b0</run_address>
         <size>0x40</size>
         <input_file_ref idref="fl-137"/>
      </object_component>
      <object_component id="oc-2d9">
         <name>.text:UARTFlushTx</name>
         <load_address>0x29f0</load_address>
         <run_address>0x29f0</run_address>
         <size>0x3c</size>
         <input_file_ref idref="fl-5"/>
      </object_component>
      <object_component id="oc-506">
         <name>.text:iDMAUSBChannelRelease</name>
         <load_address>0x2a2c</load_address>
         <run_address>0x2a2c</run_address>
         <size>0x3c</size>
         <input_file_ref idref="fl-14a"/>
      </object_component>
      <object_component id="oc-6ab">
         <name>.text:USBDCDConfigGetInterfaceEndpoint</name>
         <load_address>0x2a68</load_address>
         <run_address>0x2a68</run_address>
         <size>0x3a</size>
         <input_file_ref idref="fl-14d"/>
      </object_component>
      <object_component id="oc-6c3">
         <name>.text:USBFIFOConfigSet</name>
         <load_address>0x2aa2</load_address>
         <run_address>0x2aa2</run_address>
         <size>0x3a</size>
         <input_file_ref idref="fl-151"/>
      </object_component>
      <object_component id="oc-304">
         <name>.text:InternalUSBRegisterTickHandler</name>
         <load_address>0x2adc</load_address>
         <run_address>0x2adc</run_address>
         <size>0x38</size>
         <input_file_ref idref="fl-144"/>
      </object_component>
      <object_component id="oc-cc">
         <name>.text:USBIntStatusControl</name>
         <load_address>0x2b14</load_address>
         <run_address>0x2b14</run_address>
         <size>0x38</size>
         <input_file_ref idref="fl-151"/>
      </object_component>
      <object_component id="oc-55f">
         <name>.text:USBRingBufAdvanceWrite</name>
         <load_address>0x2b4c</load_address>
         <run_address>0x2b4c</run_address>
         <size>0x38</size>
         <input_file_ref idref="fl-143"/>
      </object_component>
      <object_component id="oc-451">
         <name>.text:HandleEndpoints</name>
         <load_address>0x2b84</load_address>
         <run_address>0x2b84</run_address>
         <size>0x36</size>
         <input_file_ref idref="fl-146"/>
      </object_component>
      <object_component id="oc-4a6">
         <name>.text:uDMAUSBChannelIntDisable</name>
         <load_address>0x2bba</load_address>
         <run_address>0x2bba</run_address>
         <size>0x2</size>
         <input_file_ref idref="fl-14a"/>
      </object_component>
      <object_component id="oc-131">
         <name>.text:InternalUSBStartOfFrameTick</name>
         <load_address>0x2bbc</load_address>
         <run_address>0x2bbc</run_address>
         <size>0x34</size>
         <input_file_ref idref="fl-144"/>
      </object_component>
      <object_component id="oc-31d">
         <name>.text:SysCtlPeripheralEnable</name>
         <load_address>0x2bf0</load_address>
         <run_address>0x2bf0</run_address>
         <size>0x34</size>
         <input_file_ref idref="fl-14f"/>
      </object_component>
      <object_component id="oc-4e8">
         <name>.text:iDMAUSBChannelStatus</name>
         <load_address>0x2c24</load_address>
         <run_address>0x2c24</run_address>
         <size>0x34</size>
         <input_file_ref idref="fl-14a"/>
      </object_component>
      <object_component id="oc-70c">
         <name>.text:NextConfigDescGet</name>
         <load_address>0x2c58</load_address>
         <run_address>0x2c58</run_address>
         <size>0x32</size>
         <input_file_ref idref="fl-14d"/>
      </object_component>
      <object_component id="oc-5b9">
         <name>.text:ProcessDataToHost</name>
         <load_address>0x2c8a</load_address>
         <run_address>0x2c8a</run_address>
         <size>0x32</size>
         <input_file_ref idref="fl-146"/>
      </object_component>
      <object_component id="oc-3d3">
         <name>.text:USBDevEndpointStall</name>
         <load_address>0x2cbc</load_address>
         <run_address>0x2cbc</run_address>
         <size>0x32</size>
         <input_file_ref idref="fl-151"/>
      </object_component>
      <object_component id="oc-512">
         <name>.text:iDMAUSBChannelDisable</name>
         <load_address>0x2cee</load_address>
         <run_address>0x2cee</run_address>
         <size>0x32</size>
         <input_file_ref idref="fl-14a"/>
      </object_component>
      <object_component id="oc-4b8">
         <name>.text:DMAUSBIntHandler</name>
         <load_address>0x2d20</load_address>
         <run_address>0x2d20</run_address>
         <size>0x30</size>
         <input_file_ref idref="fl-14a"/>
      </object_component>
      <object_component id="oc-2fe">
         <name>.text:InternalUSBTickInit</name>
         <load_address>0x2d50</load_address>
         <run_address>0x2d50</run_address>
         <size>0x30</size>
         <input_file_ref idref="fl-144"/>
      </object_component>
      <object_component id="oc-400">
         <name>.text:USBDGetConfiguration</name>
         <load_address>0x2d80</load_address>
         <run_address>0x2d80</run_address>
         <size>0x30</size>
         <input_file_ref idref="fl-147"/>
      </object_component>
      <object_component id="oc-2c3">
         <name>.text:USBEndpointDataPut</name>
         <load_address>0x2db0</load_address>
         <run_address>0x2db0</run_address>
         <size>0x30</size>
         <input_file_ref idref="fl-151"/>
      </object_component>
      <object_component id="oc-68b">
         <name>.text:UpdateIndexAtomic</name>
         <load_address>0x2de0</load_address>
         <run_address>0x2de0</run_address>
         <size>0x30</size>
         <input_file_ref idref="fl-143"/>
      </object_component>
      <object_component id="oc-2c9">
         <name>.text:USBEndpointDataSend</name>
         <load_address>0x2e10</load_address>
         <run_address>0x2e10</run_address>
         <size>0x2e</size>
         <input_file_ref idref="fl-151"/>
      </object_component>
      <object_component id="oc-4a0">
         <name>.text:uDMAUSBChannelIntEnable</name>
         <load_address>0x2e3e</load_address>
         <run_address>0x2e3e</run_address>
         <size>0x2</size>
         <input_file_ref idref="fl-14a"/>
      </object_component>
      <object_component id="oc-2d3">
         <name>.text:UARTFlushRx</name>
         <load_address>0x2e40</load_address>
         <run_address>0x2e40</run_address>
         <size>0x2c</size>
         <input_file_ref idref="fl-5"/>
      </object_component>
      <object_component id="oc-705">
         <name>.text:USBDescGet</name>
         <load_address>0x2e6c</load_address>
         <run_address>0x2e6c</run_address>
         <size>0x2c</size>
         <input_file_ref idref="fl-149"/>
      </object_component>
      <object_component id="oc-4be">
         <name>.text:uDMAUSBIntStatus</name>
         <load_address>0x2e98</load_address>
         <run_address>0x2e98</run_address>
         <size>0x2c</size>
         <input_file_ref idref="fl-14a"/>
      </object_component>
      <object_component id="oc-3b3">
         <name>.text:HandleRequestBuffer</name>
         <load_address>0x2ec4</load_address>
         <run_address>0x2ec4</run_address>
         <size>0x2a</size>
         <input_file_ref idref="fl-141"/>
      </object_component>
      <object_component id="oc-598">
         <name>.text:USBDCDConfigDescGetNum</name>
         <load_address>0x2eee</load_address>
         <run_address>0x2eee</run_address>
         <size>0x2a</size>
         <input_file_ref idref="fl-14d"/>
      </object_component>
      <object_component id="oc-3ee">
         <name>.text:USBDSetAddress</name>
         <load_address>0x2f18</load_address>
         <run_address>0x2f18</run_address>
         <size>0x28</size>
         <input_file_ref idref="fl-147"/>
      </object_component>
      <object_component id="oc-6cb">
         <name>.text:USBDescGetNum</name>
         <load_address>0x2f40</load_address>
         <run_address>0x2f40</run_address>
         <size>0x28</size>
         <input_file_ref idref="fl-149"/>
      </object_component>
      <object_component id="oc-365">
         <name>.text:USBIntEnableControl</name>
         <load_address>0x2f68</load_address>
         <run_address>0x2f68</run_address>
         <size>0x28</size>
         <input_file_ref idref="fl-151"/>
      </object_component>
      <object_component id="oc-610">
         <name>.text:uDMAChannelModeGet</name>
         <load_address>0x2f90</load_address>
         <run_address>0x2f90</run_address>
         <size>0x28</size>
         <input_file_ref idref="fl-150"/>
      </object_component>
      <object_component id="oc-310">
         <name>.text:BulkTickHandler</name>
         <load_address>0x2fb8</load_address>
         <run_address>0x2fb8</run_address>
         <size>0x24</size>
         <input_file_ref idref="fl-146"/>
      </object_component>
      <object_component id="oc-439">
         <name>.text:HandleConfigChange</name>
         <load_address>0x2fdc</load_address>
         <run_address>0x2fdc</run_address>
         <size>0x24</size>
         <input_file_ref idref="fl-146"/>
      </object_component>
      <object_component id="oc-1f3">
         <name>.text:USBDevEndpointDataAck</name>
         <load_address>0x3000</load_address>
         <run_address>0x3000</run_address>
         <size>0x24</size>
         <input_file_ref idref="fl-151"/>
      </object_component>
      <object_component id="oc-5e4">
         <name>.text:USBEndpointDMADisable</name>
         <load_address>0x3024</load_address>
         <run_address>0x3024</run_address>
         <size>0x24</size>
         <input_file_ref idref="fl-151"/>
      </object_component>
      <object_component id="oc-5fe">
         <name>.text:USBEndpointDMAEnable</name>
         <load_address>0x3048</load_address>
         <run_address>0x3048</run_address>
         <size>0x24</size>
         <input_file_ref idref="fl-151"/>
      </object_component>
      <object_component id="oc-5d1">
         <name>.text:uDMAChannelControlSet</name>
         <load_address>0x306c</load_address>
         <run_address>0x306c</run_address>
         <size>0x24</size>
         <input_file_ref idref="fl-150"/>
      </object_component>
      <object_component id="oc-284">
         <name>.text:USBDBulkRxPacketAvailable</name>
         <load_address>0x3090</load_address>
         <run_address>0x3090</run_address>
         <size>0x22</size>
         <input_file_ref idref="fl-146"/>
      </object_component>
      <object_component id="oc-4b2">
         <name>.text:uDMAUSBChannelStatus</name>
         <load_address>0x30b2</load_address>
         <run_address>0x30b2</run_address>
         <size>0x22</size>
         <input_file_ref idref="fl-14a"/>
      </object_component>
      <object_component id="oc-6bd">
         <name>.text:GetEndpointFIFOSize</name>
         <load_address>0x30d4</load_address>
         <run_address>0x30d4</run_address>
         <size>0x20</size>
         <input_file_ref idref="fl-14e"/>
      </object_component>
      <object_component id="oc-3a7">
         <name>.text:HandleDataRemaining</name>
         <load_address>0x30f4</load_address>
         <run_address>0x30f4</run_address>
         <size>0x20</size>
         <input_file_ref idref="fl-141"/>
      </object_component>
      <object_component id="oc-44b">
         <name>.text:HandleDisconnect</name>
         <load_address>0x3114</load_address>
         <run_address>0x3114</run_address>
         <size>0x20</size>
         <input_file_ref idref="fl-146"/>
      </object_component>
      <object_component id="oc-54b">
         <name>.text:USBRingBufAdvanceRead</name>
         <load_address>0x3134</load_address>
         <run_address>0x3134</run_address>
         <size>0x20</size>
         <input_file_ref idref="fl-143"/>
      </object_component>
      <object_component id="oc-182">
         <name>.text:USBStackModeSet</name>
         <load_address>0x3154</load_address>
         <run_address>0x3154</run_address>
         <size>0x20</size>
         <input_file_ref idref="fl-142"/>
      </object_component>
      <object_component id="oc-46b">
         <name>.text:USBULPIRegRead</name>
         <load_address>0x3174</load_address>
         <run_address>0x3174</run_address>
         <size>0x1e</size>
         <input_file_ref idref="fl-151"/>
      </object_component>
      <object_component id="oc-471">
         <name>.text:USBULPIRegWrite</name>
         <load_address>0x3192</load_address>
         <run_address>0x3192</run_address>
         <size>0x1e</size>
         <input_file_ref idref="fl-151"/>
      </object_component>
      <object_component id="oc-59e">
         <name>.text:USBDCDConfigGetInterface</name>
         <load_address>0x31b0</load_address>
         <run_address>0x31b0</run_address>
         <size>0x1c</size>
         <input_file_ref idref="fl-14d"/>
      </object_component>
      <object_component id="oc-2b0">
         <name>.text:USBDCDStallEP0</name>
         <load_address>0x31cc</load_address>
         <run_address>0x31cc</run_address>
         <size>0x1c</size>
         <input_file_ref idref="fl-147"/>
      </object_component>
      <object_component id="oc-397">
         <name>.text:USBEndpointDataAvail</name>
         <load_address>0x31e8</load_address>
         <run_address>0x31e8</run_address>
         <size>0x1c</size>
         <input_file_ref idref="fl-151"/>
      </object_component>
      <object_component id="oc-558">
         <name>.text:USBRingBufContigFree</name>
         <load_address>0x3204</load_address>
         <run_address>0x3204</run_address>
         <size>0x1c</size>
         <input_file_ref idref="fl-143"/>
      </object_component>
      <object_component id="oc-176">
         <name>.text:UARTprintf</name>
         <load_address>0x3220</load_address>
         <run_address>0x3220</run_address>
         <size>0x1a</size>
         <input_file_ref idref="fl-5"/>
      </object_component>
      <object_component id="oc-5d8">
         <name>.text:USBEndpointDMAChannel</name>
         <load_address>0x323a</load_address>
         <run_address>0x323a</run_address>
         <size>0x1a</size>
         <input_file_ref idref="fl-151"/>
      </object_component>
      <object_component id="oc-56b">
         <name>.text:USBRingBufWrite</name>
         <load_address>0x3254</load_address>
         <run_address>0x3254</run_address>
         <size>0x1a</size>
         <input_file_ref idref="fl-143"/>
      </object_component>
      <object_component id="oc-b2">
         <name>.text:IsBufferFull</name>
         <load_address>0x326e</load_address>
         <run_address>0x326e</run_address>
         <size>0x18</size>
         <input_file_ref idref="fl-5"/>
      </object_component>
      <object_component id="oc-39d">
         <name>.text:SetDeferredOpFlag</name>
         <load_address>0x3286</load_address>
         <run_address>0x3286</run_address>
         <size>0x18</size>
         <input_file_ref idref="fl-146"/>
      </object_component>
      <object_component id="oc-4e">
         <name>.text:USB0DeviceIntHandler</name>
         <load_address>0x32a0</load_address>
         <run_address>0x32a0</run_address>
         <size>0x18</size>
         <input_file_ref idref="fl-148"/>
      </object_component>
      <object_component id="oc-17c">
         <name>.text:USBBufferInit</name>
         <load_address>0x32b8</load_address>
         <run_address>0x32b8</run_address>
         <size>0x18</size>
         <input_file_ref idref="fl-141"/>
      </object_component>
      <object_component id="oc-2bd">
         <name>.text:USBDCDConfigDescGetSize</name>
         <load_address>0x32d0</load_address>
         <run_address>0x32d0</run_address>
         <size>0x18</size>
         <input_file_ref idref="fl-14d"/>
      </object_component>
      <object_component id="oc-3fa">
         <name>.text:USBDSetDescriptor</name>
         <load_address>0x32e8</load_address>
         <run_address>0x32e8</run_address>
         <size>0x18</size>
         <input_file_ref idref="fl-147"/>
      </object_component>
      <object_component id="oc-418">
         <name>.text:USBDSyncFrame</name>
         <load_address>0x3300</load_address>
         <run_address>0x3300</run_address>
         <size>0x18</size>
         <input_file_ref idref="fl-147"/>
      </object_component>
      <object_component id="oc-88">
         <name>.text</name>
         <load_address>0x3318</load_address>
         <run_address>0x3318</run_address>
         <size>0x18</size>
         <input_file_ref idref="fl-139"/>
      </object_component>
      <object_component id="oc-5eb">
         <name>.text:uDMAChannelDisable</name>
         <load_address>0x3330</load_address>
         <run_address>0x3330</run_address>
         <size>0x18</size>
         <input_file_ref idref="fl-150"/>
      </object_component>
      <object_component id="oc-604">
         <name>.text:uDMAChannelEnable</name>
         <load_address>0x3348</load_address>
         <run_address>0x3348</run_address>
         <size>0x18</size>
         <input_file_ref idref="fl-150"/>
      </object_component>
      <object_component id="oc-534">
         <name>.text:USBBufferDataWritten</name>
         <load_address>0x3360</load_address>
         <run_address>0x3360</run_address>
         <size>0x16</size>
         <input_file_ref idref="fl-141"/>
      </object_component>
      <object_component id="oc-53b">
         <name>.text:USBRingBufFlush</name>
         <load_address>0x3376</load_address>
         <run_address>0x3376</run_address>
         <size>0x16</size>
         <input_file_ref idref="fl-143"/>
      </object_component>
      <object_component id="oc-544">
         <name>.text:USBRingBufUsed</name>
         <load_address>0x338c</load_address>
         <run_address>0x338c</run_address>
         <size>0x16</size>
         <input_file_ref idref="fl-143"/>
      </object_component>
      <object_component id="oc-3ad">
         <name>.text:HandleTxComplete</name>
         <load_address>0x33a2</load_address>
         <run_address>0x33a2</run_address>
         <size>0x14</size>
         <input_file_ref idref="fl-141"/>
      </object_component>
      <object_component id="oc-323">
         <name>.text:SysCtlUSBPLLEnable</name>
         <load_address>0x33b8</load_address>
         <run_address>0x33b8</run_address>
         <size>0x14</size>
         <input_file_ref idref="fl-14f"/>
      </object_component>
      <object_component id="oc-261">
         <name>.text:TxHandler</name>
         <load_address>0x33cc</load_address>
         <run_address>0x33cc</run_address>
         <size>0x14</size>
         <input_file_ref idref="fl-4"/>
      </object_component>
      <object_component id="oc-663">
         <name>.text:USBDMAChannelConfigSet</name>
         <load_address>0x33e0</load_address>
         <run_address>0x33e0</run_address>
         <size>0x14</size>
         <input_file_ref idref="fl-151"/>
      </object_component>
      <object_component id="oc-1cc">
         <name>.text:USBHostResume</name>
         <load_address>0x33f4</load_address>
         <run_address>0x33f4</run_address>
         <size>0x14</size>
         <input_file_ref idref="fl-151"/>
      </object_component>
      <object_component id="oc-36b">
         <name>.text:USBIntEnableEndpoint</name>
         <load_address>0x3408</load_address>
         <run_address>0x3408</run_address>
         <size>0x14</size>
         <input_file_ref idref="fl-151"/>
      </object_component>
      <object_component id="oc-716">
         <name>.text:_USBIndexWrite</name>
         <load_address>0x341c</load_address>
         <run_address>0x341c</run_address>
         <size>0x14</size>
         <input_file_ref idref="fl-151"/>
      </object_component>
      <object_component id="oc-1a5">
         <name>.text</name>
         <load_address>0x3430</load_address>
         <run_address>0x3430</run_address>
         <size>0x14</size>
         <input_file_ref idref="fl-138"/>
      </object_component>
      <object_component id="oc-445">
         <name>.text:HandleResume</name>
         <load_address>0x3444</load_address>
         <run_address>0x3444</run_address>
         <size>0x12</size>
         <input_file_ref idref="fl-146"/>
      </object_component>
      <object_component id="oc-43f">
         <name>.text:HandleSuspend</name>
         <load_address>0x3456</load_address>
         <run_address>0x3456</run_address>
         <size>0x12</size>
         <input_file_ref idref="fl-146"/>
      </object_component>
      <object_component id="oc-528">
         <name>.text:USBBufferInfoGet</name>
         <load_address>0x3468</load_address>
         <run_address>0x3468</run_address>
         <size>0x12</size>
         <input_file_ref idref="fl-141"/>
      </object_component>
      <object_component id="oc-634">
         <name>.text:USBDMAChannelDisable</name>
         <load_address>0x347a</load_address>
         <run_address>0x347a</run_address>
         <size>0x12</size>
         <input_file_ref idref="fl-151"/>
      </object_component>
      <object_component id="oc-669">
         <name>.text:USBDMAChannelEnable</name>
         <load_address>0x348c</load_address>
         <run_address>0x348c</run_address>
         <size>0x12</size>
         <input_file_ref idref="fl-151"/>
      </object_component>
      <object_component id="oc-650">
         <name>.text:USBDMAChannelIntDisable</name>
         <load_address>0x349e</load_address>
         <run_address>0x349e</run_address>
         <size>0x12</size>
         <input_file_ref idref="fl-151"/>
      </object_component>
      <object_component id="oc-649">
         <name>.text:USBDMAChannelIntEnable</name>
         <load_address>0x34b0</load_address>
         <run_address>0x34b0</run_address>
         <size>0x12</size>
         <input_file_ref idref="fl-151"/>
      </object_component>
      <object_component id="oc-565">
         <name>.text:USBRingBufFree</name>
         <load_address>0x34c2</load_address>
         <run_address>0x34c2</run_address>
         <size>0x12</size>
         <input_file_ref idref="fl-143"/>
      </object_component>
      <object_component id="oc-67d">
         <name>.text:IntMasterDisable</name>
         <load_address>0x34d4</load_address>
         <run_address>0x34d4</run_address>
         <size>0x10</size>
         <input_file_ref idref="fl-13e"/>
      </object_component>
      <object_component id="oc-683">
         <name>.text:IntMasterEnable</name>
         <load_address>0x34e4</load_address>
         <run_address>0x34e4</run_address>
         <size>0x10</size>
         <input_file_ref idref="fl-13e"/>
      </object_component>
      <object_component id="oc-42">
         <name>.text:SysTickIntHandler</name>
         <load_address>0x34f4</load_address>
         <run_address>0x34f4</run_address>
         <size>0x10</size>
         <input_file_ref idref="fl-4"/>
      </object_component>
      <object_component id="oc-1db">
         <name>.text:USBEndpointStatus</name>
         <load_address>0x3504</load_address>
         <run_address>0x3504</run_address>
         <size>0x10</size>
         <input_file_ref idref="fl-151"/>
      </object_component>
      <object_component id="oc-692">
         <name>.text:USBRingBufContigUsed</name>
         <load_address>0x3514</load_address>
         <run_address>0x3514</run_address>
         <size>0x10</size>
         <input_file_ref idref="fl-143"/>
      </object_component>
      <object_component id="oc-69c">
         <name>.text:USBRingBufWriteOne</name>
         <load_address>0x3524</load_address>
         <run_address>0x3524</run_address>
         <size>0x10</size>
         <input_file_ref idref="fl-143"/>
      </object_component>
      <object_component id="oc-4c4">
         <name>.text:DMAUSBIntStatusClear</name>
         <load_address>0x3534</load_address>
         <run_address>0x3534</run_address>
         <size>0xe</size>
         <input_file_ref idref="fl-14a"/>
      </object_component>
      <object_component id="oc-a6">
         <name>.text:IsBufferEmpty</name>
         <load_address>0x3542</load_address>
         <run_address>0x3542</run_address>
         <size>0xe</size>
         <input_file_ref idref="fl-5"/>
      </object_component>
      <object_component id="oc-26d">
         <name>.text:USBDBulkTxPacketAvailable</name>
         <load_address>0x3550</load_address>
         <run_address>0x3550</run_address>
         <size>0xe</size>
         <input_file_ref idref="fl-146"/>
      </object_component>
      <object_component id="oc-63b">
         <name>.text:USBDMAChannelStatus</name>
         <load_address>0x355e</load_address>
         <run_address>0x355e</run_address>
         <size>0xe</size>
         <input_file_ref idref="fl-151"/>
      </object_component>
      <object_component id="oc-34d">
         <name>.text:USBDevLPMDisable</name>
         <load_address>0x356c</load_address>
         <run_address>0x356c</run_address>
         <size>0xe</size>
         <input_file_ref idref="fl-151"/>
      </object_component>
      <object_component id="oc-13d">
         <name>.text:USBDevLPMEnable</name>
         <load_address>0x357a</load_address>
         <run_address>0x357a</run_address>
         <size>0xe</size>
         <input_file_ref idref="fl-151"/>
      </object_component>
      <object_component id="oc-33b">
         <name>.text:USBULPIDisable</name>
         <load_address>0x3588</load_address>
         <run_address>0x3588</run_address>
         <size>0xe</size>
         <input_file_ref idref="fl-151"/>
      </object_component>
      <object_component id="oc-32f">
         <name>.text:USBULPIEnable</name>
         <load_address>0x3596</load_address>
         <run_address>0x3596</run_address>
         <size>0xe</size>
         <input_file_ref idref="fl-151"/>
      </object_component>
      <object_component id="oc-12">
         <name>.text:decompress:none</name>
         <load_address>0x35a4</load_address>
         <run_address>0x35a4</run_address>
         <size>0xe</size>
         <input_file_ref idref="fl-12f"/>
      </object_component>
      <object_component id="oc-6f4">
         <name>.text:CPUcpsid</name>
         <load_address>0x35b2</load_address>
         <run_address>0x35b2</run_address>
         <size>0xc</size>
         <input_file_ref idref="fl-140"/>
      </object_component>
      <object_component id="oc-6fb">
         <name>.text:CPUcpsie</name>
         <load_address>0x35be</load_address>
         <run_address>0x35be</run_address>
         <size>0xc</size>
         <input_file_ref idref="fl-140"/>
      </object_component>
      <object_component id="oc-625">
         <name>.text:USBEndpointPacketCountSet</name>
         <load_address>0x35ca</load_address>
         <run_address>0x35ca</run_address>
         <size>0xc</size>
         <input_file_ref idref="fl-151"/>
      </object_component>
      <object_component id="oc-359">
         <name>.text:USBLPMIntEnable</name>
         <load_address>0x35d6</load_address>
         <run_address>0x35d6</run_address>
         <size>0xc</size>
         <input_file_ref idref="fl-151"/>
      </object_component>
      <object_component id="oc-23f">
         <name>.text:USBRingBufInit</name>
         <load_address>0x35e2</load_address>
         <run_address>0x35e2</run_address>
         <size>0xc</size>
         <input_file_ref idref="fl-143"/>
      </object_component>
      <object_component id="oc-1e">
         <name>.text:decompress:ZI</name>
         <load_address>0x35ee</load_address>
         <run_address>0x35ee</run_address>
         <size>0xc</size>
         <input_file_ref idref="fl-131"/>
      </object_component>
      <object_component id="oc-329">
         <name>.text:USBClockEnable</name>
         <load_address>0x35fa</load_address>
         <run_address>0x35fa</run_address>
         <size>0xa</size>
         <input_file_ref idref="fl-151"/>
      </object_component>
      <object_component id="oc-47f">
         <name>.text:USBControllerVersion</name>
         <load_address>0x3604</load_address>
         <run_address>0x3604</run_address>
         <size>0xa</size>
         <input_file_ref idref="fl-151"/>
      </object_component>
      <object_component id="oc-657">
         <name>.text:USBDMAChannelAddressSet</name>
         <load_address>0x360e</load_address>
         <run_address>0x360e</run_address>
         <size>0xa</size>
         <input_file_ref idref="fl-151"/>
      </object_component>
      <object_component id="oc-65d">
         <name>.text:USBDMAChannelCountSet</name>
         <load_address>0x3618</load_address>
         <run_address>0x3618</run_address>
         <size>0xa</size>
         <input_file_ref idref="fl-151"/>
      </object_component>
      <object_component id="oc-371">
         <name>.text:USBDevConnect</name>
         <load_address>0x3622</load_address>
         <run_address>0x3622</run_address>
         <size>0xa</size>
         <input_file_ref idref="fl-151"/>
      </object_component>
      <object_component id="oc-14f">
         <name>.text:USBDevDisconnect</name>
         <load_address>0x362c</load_address>
         <run_address>0x362c</run_address>
         <size>0xa</size>
         <input_file_ref idref="fl-151"/>
      </object_component>
      <object_component id="oc-143">
         <name>.text:USBIntStatusEndpoint</name>
         <load_address>0x3636</load_address>
         <run_address>0x3636</run_address>
         <size>0xa</size>
         <input_file_ref idref="fl-151"/>
      </object_component>
      <object_component id="oc-347">
         <name>.text:USBDevMode</name>
         <load_address>0x3640</load_address>
         <run_address>0x3640</run_address>
         <size>0x8</size>
         <input_file_ref idref="fl-151"/>
      </object_component>
      <object_component id="oc-619">
         <name>.text:USBFIFOAddrGet</name>
         <load_address>0x3648</load_address>
         <run_address>0x3648</run_address>
         <size>0x8</size>
         <input_file_ref idref="fl-151"/>
      </object_component>
      <object_component id="oc-341">
         <name>.text:USBOTGMode</name>
         <load_address>0x3650</load_address>
         <run_address>0x3650</run_address>
         <size>0x8</size>
         <input_file_ref idref="fl-151"/>
      </object_component>
      <object_component id="oc-4fa">
         <name>.text:iDMAUSBChannelIntDisable</name>
         <load_address>0x3658</load_address>
         <run_address>0x3658</run_address>
         <size>0x8</size>
         <input_file_ref idref="fl-14a"/>
      </object_component>
      <object_component id="oc-4f4">
         <name>.text:iDMAUSBChannelIntEnable</name>
         <load_address>0x3660</load_address>
         <run_address>0x3660</run_address>
         <size>0x8</size>
         <input_file_ref idref="fl-14a"/>
      </object_component>
      <object_component id="oc-18e">
         <name>.text:GPIOPinWrite</name>
         <load_address>0x3668</load_address>
         <run_address>0x3668</run_address>
         <size>0x6</size>
         <input_file_ref idref="fl-13d"/>
      </object_component>
      <object_component id="oc-2a">
         <name>.text:ResetISR</name>
         <load_address>0x366e</load_address>
         <run_address>0x366e</run_address>
         <size>0x6</size>
         <input_file_ref idref="fl-2"/>
      </object_component>
      <object_component id="oc-226">
         <name>.text:UARTClockSourceSet</name>
         <load_address>0x3674</load_address>
         <run_address>0x3674</run_address>
         <size>0x6</size>
         <input_file_ref idref="fl-13f"/>
      </object_component>
      <object_component id="oc-390">
         <name>.text:USBBufferFlush</name>
         <load_address>0x367a</load_address>
         <run_address>0x367a</run_address>
         <size>0x6</size>
         <input_file_ref idref="fl-141"/>
      </object_component>
      <object_component id="oc-52e">
         <name>.text:USBBufferSpaceAvailable</name>
         <load_address>0x3680</load_address>
         <run_address>0x3680</run_address>
         <size>0x6</size>
         <input_file_ref idref="fl-141"/>
      </object_component>
      <object_component id="oc-642">
         <name>.text:USBDMAChannelIntStatus</name>
         <load_address>0x3686</load_address>
         <run_address>0x3686</run_address>
         <size>0x6</size>
         <input_file_ref idref="fl-151"/>
      </object_component>
      <object_component id="oc-353">
         <name>.text:USBDevLPMConfig</name>
         <load_address>0x368c</load_address>
         <run_address>0x368c</run_address>
         <size>0x6</size>
         <input_file_ref idref="fl-151"/>
      </object_component>
      <object_component id="oc-137">
         <name>.text:USBLPMIntStatus</name>
         <load_address>0x3692</load_address>
         <run_address>0x3692</run_address>
         <size>0x6</size>
         <input_file_ref idref="fl-151"/>
      </object_component>
      <object_component id="oc-18">
         <name>.text:decompress:rle24</name>
         <load_address>0x3698</load_address>
         <run_address>0x3698</run_address>
         <size>0x6</size>
         <input_file_ref idref="fl-130"/>
      </object_component>
      <object_component id="oc-4ee">
         <name>.text:iDMAUSBIntStatus</name>
         <load_address>0x369e</load_address>
         <run_address>0x369e</run_address>
         <size>0x6</size>
         <input_file_ref idref="fl-14a"/>
      </object_component>
      <object_component id="oc-4ca">
         <name>.text:DMAUSBStatus</name>
         <load_address>0x36a4</load_address>
         <run_address>0x36a4</run_address>
         <size>0x4</size>
         <input_file_ref idref="fl-14a"/>
      </object_component>
      <object_component id="oc-1e7">
         <name>.text:USBDevAddrSet</name>
         <load_address>0x36a8</load_address>
         <run_address>0x36a8</run_address>
         <size>0x4</size>
         <input_file_ref idref="fl-151"/>
      </object_component>
      <object_component id="oc-7c">
         <name>.text</name>
         <load_address>0x36ac</load_address>
         <run_address>0x36ac</run_address>
         <size>0x4</size>
         <input_file_ref idref="fl-135"/>
      </object_component>
      <object_component id="oc-523">
         <name>.const</name>
         <load_address>0x36b0</load_address>
         <run_address>0x36b0</run_address>
         <size>0x70</size>
         <input_file_ref idref="fl-13e"/>
      </object_component>
      <object_component id="oc-2b9">
         <name>.const:g_psUSBDStdRequests</name>
         <load_address>0x3720</load_address>
         <run_address>0x3720</run_address>
         <size>0x34</size>
         <input_file_ref idref="fl-147"/>
      </object_component>
      <object_component id="oc-3cc">
         <name>.const:.string:g_pui8ConfigString</name>
         <load_address>0x3754</load_address>
         <run_address>0x3754</run_address>
         <size>0x30</size>
         <input_file_ref idref="fl-3"/>
      </object_component>
      <object_component id="oc-30a">
         <name>.const:g_sBulkHandlers</name>
         <load_address>0x3784</load_address>
         <run_address>0x3784</run_address>
         <size>0x30</size>
         <input_file_ref idref="fl-146"/>
      </object_component>
      <object_component id="oc-3c9">
         <name>.const:.string:g_pui8DataInterfaceString</name>
         <load_address>0x37b4</load_address>
         <run_address>0x37b4</run_address>
         <size>0x28</size>
         <input_file_ref idref="fl-3"/>
      </object_component>
      <object_component id="oc-3c6">
         <name>.const:.string:g_pui8ProductString</name>
         <load_address>0x37dc</load_address>
         <run_address>0x37dc</run_address>
         <size>0x28</size>
         <input_file_ref idref="fl-3"/>
      </object_component>
      <object_component id="oc-113">
         <name>.const</name>
         <load_address>0x3804</load_address>
         <run_address>0x3804</run_address>
         <size>0x28</size>
         <input_file_ref idref="fl-5"/>
      </object_component>
      <object_component id="oc-3c3">
         <name>.const:.string:g_pui8ManufacturerString</name>
         <load_address>0x382c</load_address>
         <run_address>0x382c</run_address>
         <size>0x24</size>
         <input_file_ref idref="fl-3"/>
      </object_component>
      <object_component id="oc-30d">
         <name>.const</name>
         <load_address>0x3850</load_address>
         <run_address>0x3850</run_address>
         <size>0x1c</size>
         <input_file_ref idref="fl-146"/>
      </object_component>
      <object_component id="oc-295">
         <name>.const</name>
         <load_address>0x386c</load_address>
         <run_address>0x386c</run_address>
         <size>0x18</size>
         <input_file_ref idref="fl-3"/>
      </object_component>
      <object_component id="oc-45f">
         <name>.const:.string</name>
         <load_address>0x3884</load_address>
         <run_address>0x3884</run_address>
         <size>0x17</size>
         <input_file_ref idref="fl-146"/>
      </object_component>
      <object_component id="oc-3c0">
         <name>.const:.string</name>
         <load_address>0x389b</load_address>
         <run_address>0x389b</run_address>
         <size>0x16</size>
         <input_file_ref idref="fl-3"/>
      </object_component>
      <object_component id="oc-1c4">
         <name>.const:.string</name>
         <load_address>0x38b4</load_address>
         <run_address>0x38b4</run_address>
         <size>0x12</size>
         <input_file_ref idref="fl-5"/>
      </object_component>
      <object_component id="oc-758">
         <name>.cinit..data.load</name>
         <load_address>0x38c8</load_address>
         <run_address>0x38c8</run_address>
         <size>0xa5</size>
      </object_component>
      <object_component id="oc-756">
         <name>__TI_handler_table</name>
         <load_address>0x3970</load_address>
         <run_address>0x3970</run_address>
         <size>0xc</size>
      </object_component>
      <object_component id="oc-759">
         <name>.cinit..bss.load</name>
         <load_address>0x3980</load_address>
         <run_address>0x3980</run_address>
         <size>0x8</size>
      </object_component>
      <object_component id="oc-757">
         <name>__TI_cinit_table</name>
         <load_address>0x3988</load_address>
         <run_address>0x3988</run_address>
         <size>0x10</size>
      </object_component>
      <object_component id="oc-29">
         <name>.stack</name>
         <uninitialized>true</uninitialized>
         <run_address>0x20000864</run_address>
         <size>0x0</size>
         <input_file_ref idref="fl-12e"/>
      </object_component>
      <object_component id="oc-75a">
         <name>.stack</name>
         <uninitialized>true</uninitialized>
         <run_address>0x20000864</run_address>
         <size>0x0</size>
      </object_component>
      <object_component id="oc-28a">
         <name>.bss:g_pui8USBRxBuffer</name>
         <uninitialized>true</uninitialized>
         <run_address>0x20000510</run_address>
         <size>0x100</size>
         <input_file_ref idref="fl-3"/>
      </object_component>
      <object_component id="oc-273">
         <name>.bss:g_pui8USBTxBuffer</name>
         <uninitialized>true</uninitialized>
         <run_address>0x20000610</run_address>
         <size>0x100</size>
         <input_file_ref idref="fl-3"/>
      </object_component>
      <object_component id="oc-116">
         <name>.bss:g_pcUARTTxBuffer</name>
         <uninitialized>true</uninitialized>
         <run_address>0x20000000</run_address>
         <size>0x400</size>
         <input_file_ref idref="fl-5"/>
      </object_component>
      <object_component id="oc-be">
         <name>.bss:g_pcUARTRxBuffer</name>
         <uninitialized>true</uninitialized>
         <run_address>0x20000710</run_address>
         <size>0x80</size>
         <input_file_ref idref="fl-5"/>
      </object_component>
      <object_component id="oc-2b6">
         <name>.bss:g_pui8DataBufferIn</name>
         <uninitialized>true</uninitialized>
         <run_address>0x200007e0</run_address>
         <size>0x40</size>
         <input_file_ref idref="fl-147"/>
      </object_component>
      <object_component id="oc-158">
         <name>.bss:g_psDCDInst</name>
         <uninitialized>true</uninitialized>
         <run_address>0x20000790</run_address>
         <size>0x50</size>
         <input_file_ref idref="fl-147"/>
      </object_component>
      <object_component id="oc-485">
         <name>.bss:g_psUSBDMAInst</name>
         <uninitialized>true</uninitialized>
         <run_address>0x20000400</run_address>
         <size>0x110</size>
         <input_file_ref idref="fl-14a"/>
      </object_component>
      <object_component id="oc-bb">
         <name>.common:g_bDisableEcho</name>
         <uninitialized>true</uninitialized>
         <run_address>0x20000860</run_address>
         <size>0x1</size>
      </object_component>
      <object_component id="oc-112">
         <name>.common:g_ui32PortNum</name>
         <uninitialized>true</uninitialized>
         <run_address>0x20000858</run_address>
         <size>0x4</size>
      </object_component>
      <object_component id="oc-24a">
         <name>.common:g_pfnUSBModeCallback</name>
         <uninitialized>true</uninitialized>
         <run_address>0x20000850</run_address>
         <size>0x4</size>
      </object_component>
      <object_component id="oc-1d3">
         <name>.common:g_pfnTickHandlers</name>
         <uninitialized>true</uninitialized>
         <run_address>0x20000820</run_address>
         <size>0x18</size>
      </object_component>
      <object_component id="oc-1d6">
         <name>.common:g_pvTickInstance</name>
         <uninitialized>true</uninitialized>
         <run_address>0x20000838</run_address>
         <size>0x18</size>
      </object_component>
      <object_component id="oc-37d">
         <name>.common:g_ui32ULPISupport</name>
         <uninitialized>true</uninitialized>
         <run_address>0x2000085c</run_address>
         <size>0x4</size>
      </object_component>
      <object_component id="oc-155">
         <name>.common:g_ppsDevInfo</name>
         <uninitialized>true</uninitialized>
         <run_address>0x20000854</run_address>
         <size>0x4</size>
      </object_component>
      <object_component id="oc-19a">
         <name>.data:g_sBulkDevice</name>
         <load_address>0x20000c64</load_address>
         <run_address>0x20000c64</run_address>
         <size>0x44</size>
         <input_file_ref idref="fl-3"/>
      </object_component>
      <object_component id="oc-197">
         <name>.data:g_sRxBuffer</name>
         <load_address>0x20000ca8</load_address>
         <run_address>0x20000ca8</run_address>
         <size>0x38</size>
         <input_file_ref idref="fl-3"/>
      </object_component>
      <object_component id="oc-194">
         <name>.data:g_sTxBuffer</name>
         <load_address>0x20000ce0</load_address>
         <run_address>0x20000ce0</run_address>
         <size>0x38</size>
         <input_file_ref idref="fl-3"/>
      </object_component>
      <object_component id="oc-9c">
         <name>.data</name>
         <load_address>0x20000d54</load_address>
         <run_address>0x20000d54</run_address>
         <size>0x11</size>
         <input_file_ref idref="fl-4"/>
      </object_component>
      <object_component id="oc-b8">
         <name>.data</name>
         <load_address>0x20000d3c</load_address>
         <run_address>0x20000d3c</run_address>
         <size>0x15</size>
         <input_file_ref idref="fl-5"/>
      </object_component>
      <object_component id="oc-107">
         <name>.data</name>
         <load_address>0x20000d88</load_address>
         <run_address>0x20000d88</run_address>
         <size>0x8</size>
         <input_file_ref idref="fl-132"/>
      </object_component>
      <object_component id="oc-94">
         <name>.data</name>
         <load_address>0x20000d98</load_address>
         <run_address>0x20000d98</run_address>
         <size>0x4</size>
         <input_file_ref idref="fl-136"/>
      </object_component>
      <object_component id="oc-104">
         <name>.data</name>
         <load_address>0x20000d80</load_address>
         <run_address>0x20000d80</run_address>
         <size>0x8</size>
         <input_file_ref idref="fl-138"/>
      </object_component>
      <object_component id="oc-247">
         <name>.data</name>
         <load_address>0x20000d74</load_address>
         <run_address>0x20000d74</run_address>
         <size>0x9</size>
         <input_file_ref idref="fl-142"/>
      </object_component>
      <object_component id="oc-15b">
         <name>.data</name>
         <load_address>0x20000d68</load_address>
         <run_address>0x20000d68</run_address>
         <size>0xc</size>
         <input_file_ref idref="fl-144"/>
      </object_component>
      <object_component id="oc-25a">
         <name>.data</name>
         <load_address>0x20000d18</load_address>
         <run_address>0x20000d18</run_address>
         <size>0x24</size>
         <input_file_ref idref="fl-146"/>
      </object_component>
      <object_component id="oc-15e">
         <name>.data</name>
         <load_address>0x20000d90</load_address>
         <run_address>0x20000d90</run_address>
         <size>0x8</size>
         <input_file_ref idref="fl-147"/>
      </object_component>
      <object_component id="oc-56">
         <name>.debug_info</name>
         <load_address>0x0</load_address>
         <run_address>0x0</run_address>
         <size>0x18a</size>
         <input_file_ref idref="fl-2"/>
      </object_component>
      <object_component id="oc-10">
         <name>.debug_info</name>
         <load_address>0x18a</load_address>
         <run_address>0x18a</run_address>
         <size>0xe7</size>
         <input_file_ref idref="fl-2"/>
      </object_component>
      <object_component id="oc-2b">
         <name>.debug_info</name>
         <load_address>0x271</load_address>
         <run_address>0x271</run_address>
         <size>0x117</size>
         <input_file_ref idref="fl-2"/>
      </object_component>
      <object_component id="oc-31">
         <name>.debug_info</name>
         <load_address>0x388</load_address>
         <run_address>0x388</run_address>
         <size>0x108</size>
         <input_file_ref idref="fl-2"/>
      </object_component>
      <object_component id="oc-3d">
         <name>.debug_info</name>
         <load_address>0x490</load_address>
         <run_address>0x490</run_address>
         <size>0x120</size>
         <input_file_ref idref="fl-2"/>
      </object_component>
      <object_component id="oc-37">
         <name>.debug_info</name>
         <load_address>0x5b0</load_address>
         <run_address>0x5b0</run_address>
         <size>0x10e</size>
         <input_file_ref idref="fl-2"/>
      </object_component>
      <object_component id="oc-db">
         <name>.debug_info</name>
         <load_address>0x6be</load_address>
         <run_address>0x6be</run_address>
         <size>0x84</size>
         <input_file_ref idref="fl-2"/>
      </object_component>
      <object_component id="oc-c7">
         <name>.debug_info</name>
         <load_address>0x742</load_address>
         <run_address>0x742</run_address>
         <size>0x18b</size>
         <input_file_ref idref="fl-2"/>
      </object_component>
      <object_component id="oc-29d">
         <name>.debug_info</name>
         <load_address>0x8cd</load_address>
         <run_address>0x8cd</run_address>
         <size>0x4d5</size>
         <input_file_ref idref="fl-3"/>
      </object_component>
      <object_component id="oc-3c1">
         <name>.debug_info</name>
         <load_address>0xda2</load_address>
         <run_address>0xda2</run_address>
         <size>0x13d</size>
         <input_file_ref idref="fl-3"/>
      </object_component>
      <object_component id="oc-3c4">
         <name>.debug_info</name>
         <load_address>0xedf</load_address>
         <run_address>0xedf</run_address>
         <size>0x104</size>
         <input_file_ref idref="fl-3"/>
      </object_component>
      <object_component id="oc-3c7">
         <name>.debug_info</name>
         <load_address>0xfe3</load_address>
         <run_address>0xfe3</run_address>
         <size>0xfa</size>
         <input_file_ref idref="fl-3"/>
[...]
      </symbol>
      <symbol id="sm-421">
         <name>CPUcpsid</name>
         <value>0x35b3</value>
         <object_component_ref idref="oc-6f4"/>
      </symbol>
      <symbol id="sm-49d">
         <name>USBBufferDataWritten</name>
         <value>0x3361</value>
         <object_component_ref idref="oc-534"/>
      </symbol>
      <symbol id="sm-49e">
         <name>USBBufferSpaceAvailable</name>
         <value>0x3681</value>
         <object_component_ref idref="oc-52e"/>
      </symbol>
      <symbol id="sm-49f">
         <name>USBBufferInit</name>
         <value>0x32b9</value>
         <object_component_ref idref="oc-17c"/>
      </symbol>
      <symbol id="sm-4a0">
         <name>USBBufferEventCallback</name>
         <value>0x2215</value>
         <object_component_ref idref="oc-28f"/>
      </symbol>
      <symbol id="sm-4a1">
         <name>USBBufferInfoGet</name>
         <value>0x3469</value>
         <object_component_ref idref="oc-528"/>
      </symbol>
      <symbol id="sm-4a2">
         <name>USBBufferFlush</name>
         <value>0x367b</value>
         <object_component_ref idref="oc-390"/>
      </symbol>
      <symbol id="sm-4d2">
         <name>g_iUSBMode</name>
         <value>0x20000d74</value>
         <object_component_ref idref="oc-247"/>
      </symbol>
      <symbol id="sm-4d3">
         <name>USBStackModeSet</name>
         <value>0x3155</value>
         <object_component_ref idref="oc-182"/>
      </symbol>
      <symbol id="sm-4d4">
         <name>g_ui32WaitTicks</name>
         <value>0x20000d78</value>
         <object_component_ref idref="oc-247"/>
      </symbol>
      <symbol id="sm-53d">
         <name>USBRingBufWrite</name>
         <value>0x3255</value>
         <object_component_ref idref="oc-56b"/>
      </symbol>
      <symbol id="sm-53e">
         <name>USBRingBufContigUsed</name>
         <value>0x3515</value>
         <object_component_ref idref="oc-692"/>
      </symbol>
      <symbol id="sm-53f">
         <name>USBRingBufFlush</name>
         <value>0x3377</value>
         <object_component_ref idref="oc-53b"/>
      </symbol>
      <symbol id="sm-540">
         <name>USBRingBufAdvanceWrite</name>
         <value>0x2b4d</value>
         <object_component_ref idref="oc-55f"/>
      </symbol>
      <symbol id="sm-541">
         <name>USBRingBufWriteOne</name>
         <value>0x3525</value>
         <object_component_ref idref="oc-69c"/>
      </symbol>
      <symbol id="sm-542">
         <name>USBRingBufUsed</name>
         <value>0x338d</value>
         <object_component_ref idref="oc-544"/>
      </symbol>
      <symbol id="sm-543">
         <name>USBRingBufFree</name>
         <value>0x34c3</value>
         <object_component_ref idref="oc-565"/>
      </symbol>
      <symbol id="sm-544">
         <name>USBRingBufAdvanceRead</name>
         <value>0x3135</value>
         <object_component_ref idref="oc-54b"/>
      </symbol>
      <symbol id="sm-545">
         <name>USBRingBufInit</name>
         <value>0x35e3</value>
         <object_component_ref idref="oc-23f"/>
      </symbol>
      <symbol id="sm-546">
         <name>USBRingBufContigFree</name>
         <value>0x3205</value>
         <object_component_ref idref="oc-558"/>
      </symbol>
      <symbol id="sm-57e">
         <name>g_pfnTickHandlers</name>
         <value>0x20000820</value>
      </symbol>
      <symbol id="sm-57f">
         <name>g_pvTickInstance</name>
         <value>0x20000838</value>
      </symbol>
      <symbol id="sm-580">
         <name>g_ui32USBSOFCount</name>
         <value>0x20000d70</value>
         <object_component_ref idref="oc-15b"/>
      </symbol>
      <symbol id="sm-581">
         <name>g_bUSBTimerInitialized</name>
         <value>0x20000d68</value>
         <object_component_ref idref="oc-15b"/>
      </symbol>
      <symbol id="sm-582">
         <name>g_ui32CurrentUSBTick</name>
         <value>0x20000d6c</value>
         <object_component_ref idref="oc-15b"/>
      </symbol>
      <symbol id="sm-583">
         <name>InternalUSBStartOfFrameTick</name>
         <value>0x2bbd</value>
         <object_component_ref idref="oc-131"/>
      </symbol>
      <symbol id="sm-584">
         <name>InternalUSBRegisterTickHandler</name>
         <value>0x2add</value>
         <object_component_ref idref="oc-304"/>
      </symbol>
      <symbol id="sm-585">
         <name>InternalUSBTickInit</name>
         <value>0x2d51</value>
         <object_component_ref idref="oc-2fe"/>
      </symbol>
      <symbol id="sm-655">
         <name>USBDBulkTxPacketAvailable</name>
         <value>0x3551</value>
         <object_component_ref idref="oc-26d"/>
      </symbol>
      <symbol id="sm-656">
         <name>USBDBulkCompositeInit</name>
         <value>0x1cc9</value>
         <object_component_ref idref="oc-24e"/>
      </symbol>
      <symbol id="sm-657">
         <name>g_sBulkInterfaceSection</name>
         <value>0x3858</value>
         <object_component_ref idref="oc-30d"/>
      </symbol>
      <symbol id="sm-658">
         <name>g_psBulkSections</name>
         <value>0x20000d34</value>
         <object_component_ref idref="oc-25a"/>
      </symbol>
      <symbol id="sm-659">
         <name>g_ppBulkConfigDescriptors</name>
         <value>0x3868</value>
         <object_component_ref idref="oc-30d"/>
      </symbol>
      <symbol id="sm-65a">
         <name>g_sBulkConfigSection</name>
         <value>0x3850</value>
         <object_component_ref idref="oc-30d"/>
      </symbol>
      <symbol id="sm-65b">
         <name>USBDBulkInit</name>
         <value>0x285d</value>
         <object_component_ref idref="oc-188"/>
      </symbol>
      <symbol id="sm-65c">
         <name>g_pui8BulkDeviceDescriptor</name>
         <value>0x20000d18</value>
         <object_component_ref idref="oc-25a"/>
      </symbol>
      <symbol id="sm-65d">
         <name>g_pui8BulkInterface</name>
         <value>0x3884</value>
         <object_component_ref idref="oc-45f"/>
      </symbol>
      <symbol id="sm-65e">
         <name>USBDBulkRxPacketAvailable</name>
         <value>0x3091</value>
         <object_component_ref idref="oc-284"/>
      </symbol>
      <symbol id="sm-65f">
         <name>USBDBulkPacketRead</name>
         <value>0x1be5</value>
         <object_component_ref idref="oc-27e"/>
      </symbol>
      <symbol id="sm-660">
         <name>g_sBulkHandlers</name>
         <value>0x3784</value>
         <object_component_ref idref="oc-30a"/>
      </symbol>
      <symbol id="sm-661">
         <name>USBDBulkPacketWrite</name>
         <value>0x2389</value>
         <object_component_ref idref="oc-267"/>
      </symbol>
      <symbol id="sm-662">
         <name>g_pui8BulkDescriptor</name>
         <value>0x20000d2a</value>
         <object_component_ref idref="oc-25a"/>
      </symbol>
      <symbol id="sm-663">
         <name>g_sBulkConfigHeader</name>
         <value>0x3860</value>
         <object_component_ref idref="oc-30d"/>
      </symbol>
      <symbol id="sm-7e8">
         <name>g_ppsDevInfo</name>
         <value>0x20000854</value>
      </symbol>
      <symbol id="sm-7e9">
         <name>USBDCDStallEP0</name>
         <value>0x31cd</value>
         <object_component_ref idref="oc-2b0"/>
      </symbol>
      <symbol id="sm-7ea">
         <name>USBDeviceEnumHandler</name>
         <value>0x1015</value>
         <object_component_ref idref="oc-149"/>
      </symbol>
      <symbol id="sm-7eb">
         <name>USBDCDInit</name>
         <value>0xbbd</value>
         <object_component_ref idref="oc-254"/>
      </symbol>
      <symbol id="sm-7ec">
         <name>USBDeviceEnumResetHandler</name>
         <value>0x27cd</value>
         <object_component_ref idref="oc-125"/>
      </symbol>
      <symbol id="sm-7ed">
         <name>g_psDCDInst</name>
         <value>0x20000790</value>
         <object_component_ref idref="oc-158"/>
      </symbol>
      <symbol id="sm-7ee">
         <name>USBDCDDeviceInfoInit</name>
         <value>0x28a1</value>
         <object_component_ref idref="oc-2f8"/>
      </symbol>
      <symbol id="sm-7ef">
         <name>USBDeviceIntHandlerInternal</name>
         <value>0xa6d</value>
         <object_component_ref idref="oc-d2"/>
      </symbol>
      <symbol id="sm-7f0">
         <name>USBDeviceResumeTickHandler</name>
         <value>0x24d1</value>
         <object_component_ref idref="oc-12b"/>
      </symbol>
      <symbol id="sm-7fc">
         <name>USB0DeviceIntHandler</name>
         <value>0x32a1</value>
         <object_component_ref idref="oc-4e"/>
      </symbol>
      <symbol id="sm-81a">
         <name>USBDescGet</name>
         <value>0x2e6d</value>
         <object_component_ref idref="oc-705"/>
      </symbol>
      <symbol id="sm-81b">
         <name>USBDescGetNum</name>
         <value>0x2f41</value>
         <object_component_ref idref="oc-6cb"/>
      </symbol>
      <symbol id="sm-960">
         <name>USBLibDMAInit</name>
         <value>0x64d</value>
         <object_component_ref idref="oc-35f"/>
      </symbol>
      <symbol id="sm-96d">
         <name>ULPIConfigSet</name>
         <value>0x23dd</value>
         <object_component_ref idref="oc-335"/>
      </symbol>
      <symbol id="sm-9be">
         <name>USBDCDConfigDescGet</name>
         <value>0x2481</value>
         <object_component_ref idref="oc-6a5"/>
      </symbol>
      <symbol id="sm-9bf">
         <name>USBDCDConfigGetInterface</name>
         <value>0x31b1</value>
         <object_component_ref idref="oc-59e"/>
      </symbol>
      <symbol id="sm-9c0">
         <name>USBDCDConfigDescGetSize</name>
         <value>0x32d1</value>
         <object_component_ref idref="oc-2bd"/>
      </symbol>
      <symbol id="sm-9c1">
         <name>USBDCDConfigGetInterfaceEndpoint</name>
         <value>0x2a69</value>
         <object_component_ref idref="oc-6ab"/>
      </symbol>
      <symbol id="sm-9c2">
         <name>USBDCDConfigDescGetNum</name>
         <value>0x2eef</value>
         <object_component_ref idref="oc-598"/>
      </symbol>
      <symbol id="sm-a0f">
         <name>USBDeviceConfigAlternate</name>
         <value>0x17ed</value>
         <object_component_ref idref="oc-5a4"/>
      </symbol>
      <symbol id="sm-a10">
         <name>USBDeviceConfig</name>
         <value>0xd05</value>
         <object_component_ref idref="oc-590"/>
      </symbol>
      <symbol id="sm-a3a">
         <name>SysCtlPeripheralEnable</name>
         <value>0x2bf1</value>
         <object_component_ref idref="oc-31d"/>
      </symbol>
      <symbol id="sm-a3b">
         <name>SysCtlUSBPLLEnable</name>
         <value>0x33b9</value>
         <object_component_ref idref="oc-323"/>
      </symbol>
      <symbol id="sm-a3c">
         <name>SysCtlPeripheralReset</name>
         <value>0x2431</value>
         <object_component_ref idref="oc-317"/>
      </symbol>
      <symbol id="sm-a87">
         <name>uDMAChannelControlSet</name>
         <value>0x306d</value>
         <object_component_ref idref="oc-5d1"/>
      </symbol>
      <symbol id="sm-a88">
         <name>uDMAChannelDisable</name>
         <value>0x3331</value>
         <object_component_ref idref="oc-5eb"/>
      </symbol>
      <symbol id="sm-a89">
         <name>uDMAChannelModeGet</name>
         <value>0x2f91</value>
         <object_component_ref idref="oc-610"/>
      </symbol>
      <symbol id="sm-a8a">
         <name>uDMAChannelTransferSet</name>
         <value>0x18fd</value>
         <object_component_ref idref="oc-61f"/>
      </symbol>
      <symbol id="sm-a8b">
         <name>uDMAChannelAttributeDisable</name>
         <value>0x2815</value>
         <object_component_ref idref="oc-5de"/>
      </symbol>
      <symbol id="sm-a8c">
         <name>uDMAChannelEnable</name>
         <value>0x3349</value>
         <object_component_ref idref="oc-604"/>
      </symbol>
      <symbol id="sm-c3b">
         <name>USBLPMIntEnable</name>
         <value>0x35d7</value>
         <object_component_ref idref="oc-359"/>
      </symbol>
      <symbol id="sm-c3c">
         <name>USBEndpointDataAvail</name>
         <value>0x31e9</value>
         <object_component_ref idref="oc-397"/>
      </symbol>
      <symbol id="sm-c3d">
         <name>USBClockEnable</name>
         <value>0x35fb</value>
         <object_component_ref idref="oc-329"/>
      </symbol>
      <symbol id="sm-c3e">
         <name>USBDevDisconnect</name>
         <value>0x362d</value>
         <object_component_ref idref="oc-14f"/>
      </symbol>
      <symbol id="sm-c3f">
         <name>USBDevEndpointStallClear</name>
         <value>0x2571</value>
         <object_component_ref idref="oc-57e"/>
      </symbol>
      <symbol id="sm-c40">
         <name>USBEndpointDataPut</name>
         <value>0x2db1</value>
         <object_component_ref idref="oc-2c3"/>
      </symbol>
      <symbol id="sm-c41">
         <name>USBDMAChannelIntStatus</name>
         <value>0x3687</value>
         <object_component_ref idref="oc-642"/>
      </symbol>
      <symbol id="sm-c42">
         <name>USBDevAddrSet</name>
         <value>0x36a9</value>
         <object_component_ref idref="oc-1e7"/>
      </symbol>
      <symbol id="sm-c43">
         <name>USBDMAChannelCountSet</name>
         <value>0x3619</value>
         <object_component_ref idref="oc-65d"/>
      </symbol>
      <symbol id="sm-c44">
         <name>USBLPMIntStatus</name>
         <value>0x3693</value>
         <object_component_ref idref="oc-137"/>
      </symbol>
      <symbol id="sm-c45">
         <name>USBDMAChannelAddressSet</name>
         <value>0x360f</value>
         <object_component_ref idref="oc-657"/>
      </symbol>
      <symbol id="sm-c46">
         <name>USBULPIDisable</name>
         <value>0x3589</value>
         <object_component_ref idref="oc-33b"/>
      </symbol>
      <symbol id="sm-c47">
         <name>USBIntStatusControl</name>
         <value>0x2b15</value>
         <object_component_ref idref="oc-cc"/>
      </symbol>
      <symbol id="sm-c48">
         <name>USBEndpointDMADisable</name>
         <value>0x3025</value>
         <object_component_ref idref="oc-5e4"/>
      </symbol>
      <symbol id="sm-c49">
         <name>USBDevEndpointDataAck</name>
         <value>0x3001</value>
         <object_component_ref idref="oc-1f3"/>
      </symbol>
      <symbol id="sm-c4a">
         <name>USBOTGMode</name>
         <value>0x3651</value>
         <object_component_ref idref="oc-341"/>
      </symbol>
      <symbol id="sm-c4b">
         <name>USBDMAChannelConfigSet</name>
         <value>0x33e1</value>
         <object_component_ref idref="oc-663"/>
      </symbol>
      <symbol id="sm-c4c">
         <name>USBULPIRegRead</name>
         <value>0x3175</value>
         <object_component_ref idref="oc-46b"/>
      </symbol>
      <symbol id="sm-c4d">
         <name>USBDevMode</name>
         <value>0x3641</value>
         <object_component_ref idref="oc-347"/>
      </symbol>
      <symbol id="sm-c4e">
         <name>USBIntEnableEndpoint</name>
         <value>0x3409</value>
         <object_component_ref idref="oc-36b"/>
      </symbol>
      <symbol id="sm-c4f">
         <name>USBEndpointDataGet</name>
         <value>0x2929</value>
         <object_component_ref idref="oc-1ed"/>
      </symbol>
      <symbol id="sm-c50">
         <name>USBDevEndpointStatusClear</name>
         <value>0x22d5</value>
         <object_component_ref idref="oc-1e1"/>
      </symbol>
      <symbol id="sm-c51">
         <name>USBULPIEnable</name>
         <value>0x3597</value>
         <object_component_ref idref="oc-32f"/>
      </symbol>
      <symbol id="sm-c52">
         <name>USBFIFOAddrGet</name>
         <value>0x3649</value>
         <object_component_ref idref="oc-619"/>
      </symbol>
      <symbol id="sm-c53">
         <name>USBDMAChannelStatus</name>
         <value>0x355f</value>
         <object_component_ref idref="oc-63b"/>
      </symbol>
      <symbol id="sm-c54">
         <name>USBULPIRegWrite</name>
         <value>0x3193</value>
         <object_component_ref idref="oc-471"/>
      </symbol>
      <symbol id="sm-c55">
         <name>USBDMAChannelIntEnable</name>
         <value>0x34b1</value>
         <object_component_ref idref="oc-649"/>
      </symbol>
      <symbol id="sm-c56">
         <name>USBDevLPMConfig</name>
         <value>0x368d</value>
         <object_component_ref idref="oc-353"/>
      </symbol>
      <symbol id="sm-c57">
         <name>USBDevLPMEnable</name>
         <value>0x357b</value>
         <object_component_ref idref="oc-13d"/>
      </symbol>
      <symbol id="sm-c58">
         <name>USBControllerVersion</name>
         <value>0x3605</value>
         <object_component_ref idref="oc-47f"/>
      </symbol>
      <symbol id="sm-c59">
         <name>USBFIFOConfigSet</name>
         <value>0x2aa3</value>
         <object_component_ref idref="oc-6c3"/>
      </symbol>
      <symbol id="sm-c5a">
         <name>USBEndpointDMAEnable</name>
         <value>0x3049</value>
         <object_component_ref idref="oc-5fe"/>
      </symbol>
      <symbol id="sm-c5b">
         <name>USBDevLPMDisable</name>
         <value>0x356d</value>
         <object_component_ref idref="oc-34d"/>
      </symbol>
      <symbol id="sm-c5c">
         <name>USBEndpointDataSend</name>
         <value>0x2e11</value>
         <object_component_ref idref="oc-2c9"/>
      </symbol>
      <symbol id="sm-c5d">
         <name>USBIntStatusEndpoint</name>
         <value>0x3637</value>
         <object_component_ref idref="oc-143"/>
      </symbol>
      <symbol id="sm-c5e">
         <name>USBEndpointStatus</name>
         <value>0x3505</value>
         <object_component_ref idref="oc-1db"/>
      </symbol>
      <symbol id="sm-c5f">
         <name>USBEndpointPacketCountSet</name>
         <value>0x35cb</value>
         <object_component_ref idref="oc-625"/>
      </symbol>
      <symbol id="sm-c60">
         <name>USBDMAChannelIntDisable</name>
         <value>0x349f</value>
         <object_component_ref idref="oc-650"/>
      </symbol>
      <symbol id="sm-c61">
         <name>USBEndpointDMAConfigSet</name>
         <value>0x2657</value>
         <object_component_ref idref="oc-62b"/>
      </symbol>
      <symbol id="sm-c62">
         <name>USBDevEndpointStall</name>
         <value>0x2cbd</value>
         <object_component_ref idref="oc-3d3"/>
      </symbol>
      <symbol id="sm-c63">
         <name>USBDevConnect</name>
         <value>0x3623</value>
         <object_component_ref idref="oc-371"/>
      </symbol>
      <symbol id="sm-c64">
         <name>USBDevEndpointConfigSet</name>
         <value>0x1a7d</value>
         <object_component_ref idref="oc-6b7"/>
      </symbol>
      <symbol id="sm-c65">
         <name>USBDMAChannelDisable</name>
         <value>0x347b</value>
         <object_component_ref idref="oc-634"/>
      </symbol>
      <symbol id="sm-c66">
         <name>USBDMAChannelEnable</name>
         <value>0x348d</value>
         <object_component_ref idref="oc-669"/>
      </symbol>
      <symbol id="sm-c67">
         <name>USBHostResume</name>
         <value>0x33f5</value>
         <object_component_ref idref="oc-1cc"/>
      </symbol>
      <symbol id="sm-c68">
         <name>USBIntEnableControl</name>
         <value>0x2f69</value>
         <object_component_ref idref="oc-365"/>
      </symbol>
      <symbol id="sm-c69">
         <name>USBEndpointDMAChannel</name>
         <value>0x323b</value>
         <object_component_ref idref="oc-5d8"/>
      </symbol>
      <symbol id="sm-c6a">
         <name>__TI_static_base__</name>
         <value>0x0</value>
      </symbol>
      <symbol id="sm-c6d">
         <name>SHT$$INIT_ARRAY$$Limit</name>
         <value>0x0</value>
      </symbol>
      <symbol id="sm-c6e">
         <name>SHT$$INIT_ARRAY$$Base</name>
         <value>0x0</value>
      </symbol>
   </symbol_table>
   <title>Link successful</title>
</link_info>
